Started by upstream project "[8mha:////4G6KW1ZHYzk/MgOfAhVDv/Cz8dGjHcU55phFAoxLxDH+AAAAlx+LCAAAAAAAAP9b85aBtbiIQTGjNKU4P08vOT+vOD8nVc83PyU1x6OyILUoJzMv2y+/JJUBAhiZGBgqihhk0NSjKDWzXb3RdlLBUSYGJk8GtpzUvPSSDB8G5tKinBIGIZ+sxLJE/ZzEvHT94JKizLx0a6BxUmjGOUNodHsLgAzWEgZu/az8JP2Q/JT8Yn0AMVetlcAAAAA=[0mTodos" build number [8mha:////4HX5DkE0MpGgWzMj0xH4727eUVYqOfSjyaJ2I73ipQE7AAAAlx+LCAAAAAAAAP9b85aBtbiIQTGjNKU4P08vOT+vOD8nVc83PyU1x6OyILUoJzMv2y+/JJUBAhiZGBgqihhk0NSjKDWzXb3RdlLBUSYGJk8GtpzUvPSSDB8G5tKinBIGIZ+sxLJE/ZzEvHT94JKizLx0a6BxUmjGOUNodHsLQIwSBh79rPwk/ZD8lPxifQsAobAJAsEAAAA=[0m8
originally caused by:
 Started by user [8mha:////4HDmrJVlrcaVvVJjHyWfRniohD1297VEWCdmcYUYKvK0AAAAlx+LCAAAAAAAAP9b85aBtbiIQTGjNKU4P08vOT+vOD8nVc83PyU1x6OyILUoJzMv2y+/JJUBAhiZGBgqihhk0NSjKDWzXb3RdlLBUSYGJk8GtpzUvPSSDB8G5tKinBIGIZ+sxLJE/ZzEvHT94JKizLx0a6BxUmjGOUNodHsLgAyeEgZu/dLi1CL9xJTczDwA4LbuW8AAAAA=[0mJesus Posada
Running as SYSTEM
Building in workspace /var/jenkins_home/workspace/PHP
[Checks API] No suitable checks publisher found.

[SSH] executing...
<<<<<<<>>>>>>> IMFORMACION DEL HOSTNAME <<<<<<<>>>>>>>

php1.local

<<<<<<<>>>>>>> USO DE ALMACENAMIENTO <<<<<<<>>>>>>>

Filesystem      Size  Used Avail Use% Mounted on
overlay          70G  8.5G   58G  13% /
tmpfs            64M     0   64M   0% /dev
tmpfs           3.9G     0  3.9G   0% /sys/fs/cgroup
shm              64M     0   64M   0% /dev/shm
/dev/vda1        70G  8.5G   58G  13% /etc/hosts
tmpfs           3.9G     0  3.9G   0% /proc/acpi
tmpfs           3.9G     0  3.9G   0% /sys/firmware

<<<<<<<>>>>>>> USO DE LA MEMORIA <<<<<<<>>>>>>>

              total        used        free      shared  buff/cache   available
Mem:          7.8Gi       1.6Gi       5.3Gi        11Mi       829Mi       5.9Gi
Swap:         4.0Gi          0B       4.0Gi

<<<<<<<>>>>>>> TIEMPO DE VIDA <<<<<<<>>>>>>>

up 35 minutes

<<<<<<<>>>>>>> PROCESOS ACTIVOS <<<<<<<>>>>>>>

USER       PID %CPU %MEM    VSZ   RSS TTY      STAT START   TIME COMMAND
root         1  0.0  0.2  86408 24132 ?        Ss   12:48   0:00 php-fpm: master process (/usr/local/etc/php-fpm.conf)
root        21  0.0  0.0  39968  3536 ?        Ss   12:48   0:00 /usr/sbin/keepalived
root        22  0.1  0.0  39968  3168 ?        S    12:48   0:00 /usr/sbin/keepalived
root        31  0.0  0.0  15852  4324 ?        Ss   12:48   0:00 /usr/sbin/sshd
root        40  0.2  0.0 156152  2244 ?        Ssl  12:48   0:01 /usr/sbin/rsyslogd
root        45  0.0  0.0   2388   692 pts/0    Ss   12:49   0:00 /bin/sh
root        51  0.0  0.0   4012  3092 pts/0    S+   12:49   0:00 bash
root        86 10.0  0.0  16552  7712 ?        Ss   12:58   0:00 sshd: remote_user [priv]
remote_+    92  1.0  0.0  16836  4948 ?        S    12:58   0:00 sshd: remote_user@notty
remote_+    93  0.0  0.0   2388   752 ?        Ss   12:58   0:00 sh -c  sh -c /estado_sistema.sh
remote_+    94  0.0  0.0   2388   760 ?        S    12:58   0:00 sh -c /estado_sistema.sh
remote_+    95  0.0  0.0   3652  2532 ?        S    12:58   0:00 /bin/bash /estado_sistema.sh
remote_+   100  0.0  0.0   7640  2668 ?        R    12:58   0:00 ps aux


[SSH] completed
[SSH] exit-status: 0

[Checks API] No suitable checks publisher found.
Finished: SUCCESS
