Started by upstream project "[8mha:////4G6KW1ZHYzk/MgOfAhVDv/Cz8dGjHcU55phFAoxLxDH+AAAAlx+LCAAAAAAAAP9b85aBtbiIQTGjNKU4P08vOT+vOD8nVc83PyU1x6OyILUoJzMv2y+/JJUBAhiZGBgqihhk0NSjKDWzXb3RdlLBUSYGJk8GtpzUvPSSDB8G5tKinBIGIZ+sxLJE/ZzEvHT94JKizLx0a6BxUmjGOUNodHsLgAzWEgZu/az8JP2Q/JT8Yn0AMVetlcAAAAA=[0mTodos" build number [8mha:////4MnUoWWAsKR0F2q60xoa10uwx6J+ZYj0URbpxaxrX3IJAAAAmR+LCAAAAAAAAP9b85aBtbiIQTGjNKU4P08vOT+vOD8nVc83PyU1x6OyILUoJzMv2y+/JJUBAhiZGBgqihhk0NSjKDWzXb3RdlLBUSYGJk8GtpzUvPSSDB8G5tKinBIGIZ+sxLJE/ZzEvHT94JKizLx0a6BxUmjGOUNodHsLgAymEgZe/az8JP2Q/JT8Yn1DQwDCdFg9wgAAAA==[0m11
originally caused by:
 Started by user [8mha:////4HDmrJVlrcaVvVJjHyWfRniohD1297VEWCdmcYUYKvK0AAAAlx+LCAAAAAAAAP9b85aBtbiIQTGjNKU4P08vOT+vOD8nVc83PyU1x6OyILUoJzMv2y+/JJUBAhiZGBgqihhk0NSjKDWzXb3RdlLBUSYGJk8GtpzUvPSSDB8G5tKinBIGIZ+sxLJE/ZzEvHT94JKizLx0a6BxUmjGOUNodHsLgAyeEgZu/dLi1CL9xJTczDwA4LbuW8AAAAA=[0mJesus Posada
Running as SYSTEM
Building in workspace /var/jenkins_home/workspace/SFTP
[Checks API] No suitable checks publisher found.

[SSH] executing...
<<<<<<<>>>>>>> IMFORMACION DEL HOSTNAME <<<<<<<>>>>>>>

almacen1.local

<<<<<<<>>>>>>> USO DE ALMACENAMIENTO <<<<<<<>>>>>>>

Filesystem      Size  Used Avail Use% Mounted on
overlay          70G  8.4G   58G  13% /
tmpfs            64M     0   64M   0% /dev
tmpfs           3.9G     0  3.9G   0% /sys/fs/cgroup
shm              64M     0   64M   0% /dev/shm
/dev/vda1        70G  8.4G   58G  13% /etc/hosts
tmpfs           3.9G     0  3.9G   0% /proc/acpi
tmpfs           3.9G     0  3.9G   0% /sys/firmware

<<<<<<<>>>>>>> USO DE LA MEMORIA <<<<<<<>>>>>>>

              total        used        free      shared  buff/cache   available
Mem:          7.8Gi       1.7Gi       5.1Gi        11Mi       1.0Gi       5.9Gi
Swap:         4.0Gi          0B       4.0Gi

<<<<<<<>>>>>>> TIEMPO DE VIDA <<<<<<<>>>>>>>

up 8 hours, 55 minutes

<<<<<<<>>>>>>> PROCESOS ACTIVOS <<<<<<<>>>>>>>

USER       PID %CPU %MEM    VSZ   RSS TTY      STAT START   TIME COMMAND
root         1  0.0  0.0   2388   696 ?        Ss   21:39   0:00 /bin/sh -c tail -f /entrypoint.sh
root        26  0.0  0.0  15852  4280 ?        Ss   21:39   0:00 /usr/sbin/sshd
root        32  0.0  0.0  39968  3444 ?        Ss   21:39   0:00 /usr/sbin/keepalived
root        33  0.1  0.0  39968  3216 ?        S    21:39   0:00 /usr/sbin/keepalived
root        40  0.0  0.0   4496  2176 ?        SNs  21:39   0:00 /usr/bin/lsyncd -pidfile /var/run/lsyncd.pid /etc/lsyncd/lsyncd.conf.lua
root        51  0.6  0.0 156152  2272 ?        Ssl  21:39   0:02 /usr/sbin/rsyslogd
root        55  0.0  0.0   2328   744 ?        S    21:39   0:00 tail -f /entrypoint.sh
root        86  9.0  0.0  16500  7672 ?        Ss   21:45   0:00 sshd: remote_user [priv]
remote_+    92  0.0  0.0  16784  4928 ?        S    21:45   0:00 sshd: remote_user@notty
remote_+    93  0.0  0.0   2388   756 ?        Ss   21:45   0:00 sh -c  sh -c /estado_sistema.sh
remote_+    94  0.0  0.0   2388   748 ?        S    21:45   0:00 sh -c /estado_sistema.sh
remote_+    95  0.0  0.0   3652  2648 ?        S    21:45   0:00 /bin/bash /estado_sistema.sh
remote_+   100  0.0  0.0   7640  2716 ?        R    21:45   0:00 ps aux


[SSH] completed
[SSH] exit-status: 0

[Checks API] No suitable checks publisher found.
Finished: SUCCESS
