Started by user [8mha:////4HDmrJVlrcaVvVJjHyWfRniohD1297VEWCdmcYUYKvK0AAAAlx+LCAAAAAAAAP9b85aBtbiIQTGjNKU4P08vOT+vOD8nVc83PyU1x6OyILUoJzMv2y+/JJUBAhiZGBgqihhk0NSjKDWzXb3RdlLBUSYGJk8GtpzUvPSSDB8G5tKinBIGIZ+sxLJE/ZzEvHT94JKizLx0a6BxUmjGOUNodHsLgAyeEgZu/dLi1CL9xJTczDwA4LbuW8AAAAA=[0mJesus Posada
Running as SYSTEM
Building in workspace /var/jenkins_home/workspace/HAPROXY
[Checks API] No suitable checks publisher found.

[SSH] executing...
<<<<<<<>>>>>>> IMFORMACION DEL HOSTNAME <<<<<<<>>>>>>>

haproxy1.local

<<<<<<<>>>>>>> USO DE ALMACENAMIENTO <<<<<<<>>>>>>>

Filesystem      Size  Used Avail Use% Mounted on
overlay          70G  8.5G   58G  13% /
tmpfs            64M     0   64M   0% /dev
tmpfs           3.9G     0  3.9G   0% /sys/fs/cgroup
shm              64M     0   64M   0% /dev/shm
/dev/vda1        70G  8.5G   58G  13% /etc/hosts
tmpfs           3.9G     0  3.9G   0% /proc/acpi
tmpfs           3.9G     0  3.9G   0% /sys/firmware

<<<<<<<>>>>>>> USO DE LA MEMORIA <<<<<<<>>>>>>>

              total        used        free      shared  buff/cache   available
Mem:          7.8Gi       1.7Gi       4.5Gi        11Mi       1.6Gi       5.8Gi
Swap:         4.0Gi          0B       4.0Gi

<<<<<<<>>>>>>> TIEMPO DE VIDA <<<<<<<>>>>>>>

up 4 hours, 50 minutes

<<<<<<<>>>>>>> PROCESOS ACTIVOS <<<<<<<>>>>>>>

USER       PID %CPU %MEM    VSZ   RSS TTY      STAT START   TIME COMMAND
root         1  0.0  0.0   2388   756 ?        Ss   21:19   0:00 /bin/sh -c tail -f /entrypoint.sh
root        24  0.0  0.0  39968  3492 ?        Ss   21:19   0:00 /usr/sbin/keepalived
root        25  0.2  0.0  40252  5988 ?        S    21:19   0:02 /usr/sbin/keepalived
root        35  0.0  0.0  15852  2868 ?        Ss   21:19   0:00 /usr/sbin/sshd
root        44  0.1  0.0 156152  2356 ?        Ssl  21:19   0:01 /usr/sbin/rsyslogd
root        50  0.3  0.8 357304 69668 ?        Ssl  21:19   0:03 haproxy -f /usr/local/etc/haproxy/haproxy.cfg
root        51  0.0  0.0   2328   748 ?        S    21:19   0:00 tail -f /entrypoint.sh
root       538  0.0  0.0  16552  7684 ?        Ss   21:35   0:00 sshd: remote_user [priv]
remote_+   544  0.0  0.0  16836  4908 ?        S    21:35   0:00 sshd: remote_user@notty
remote_+   545  0.0  0.0   2388   756 ?        Ss   21:35   0:00 sh -c  sh -c /estado_sistema.sh
remote_+   546  0.0  0.0   2388   692 ?        S    21:35   0:00 sh -c /estado_sistema.sh
remote_+   547  0.0  0.0   3652  2616 ?        S    21:35   0:00 /bin/bash /estado_sistema.sh
remote_+   552  0.0  0.0   7640  2724 ?        R    21:35   0:00 ps aux


[SSH] completed
[SSH] exit-status: 0

[Checks API] No suitable checks publisher found.
Finished: SUCCESS
