Started by user [8mha:////4HDmrJVlrcaVvVJjHyWfRniohD1297VEWCdmcYUYKvK0AAAAlx+LCAAAAAAAAP9b85aBtbiIQTGjNKU4P08vOT+vOD8nVc83PyU1x6OyILUoJzMv2y+/JJUBAhiZGBgqihhk0NSjKDWzXb3RdlLBUSYGJk8GtpzUvPSSDB8G5tKinBIGIZ+sxLJE/ZzEvHT94JKizLx0a6BxUmjGOUNodHsLgAyeEgZu/dLi1CL9xJTczDwA4LbuW8AAAAA=[0mJesus Posada
Running as SYSTEM
Building in workspace /var/jenkins_home/workspace/SFTP
[Checks API] No suitable checks publisher found.

[SSH] executing...
<<<<<<<>>>>>>> IMFORMACION DEL HOSTNAME <<<<<<<>>>>>>>

almacen1.local

<<<<<<<>>>>>>> USO DE ALMACENAMIENTO <<<<<<<>>>>>>>

Filesystem      Size  Used Avail Use% Mounted on
overlay          70G  8.5G   58G  13% /
tmpfs            64M     0   64M   0% /dev
tmpfs           3.9G     0  3.9G   0% /sys/fs/cgroup
shm              64M     0   64M   0% /dev/shm
/dev/vda1        70G  8.5G   58G  13% /etc/hosts
tmpfs           3.9G     0  3.9G   0% /proc/acpi
tmpfs           3.9G     0  3.9G   0% /sys/firmware

<<<<<<<>>>>>>> USO DE LA MEMORIA <<<<<<<>>>>>>>

              total        used        free      shared  buff/cache   available
Mem:          7.8Gi       1.7Gi       4.4Gi        11Mi       1.6Gi       5.8Gi
Swap:         4.0Gi          0B       4.0Gi

<<<<<<<>>>>>>> TIEMPO DE VIDA <<<<<<<>>>>>>>

up 5 hours, 18 minutes

<<<<<<<>>>>>>> PROCESOS ACTIVOS <<<<<<<>>>>>>>

USER       PID %CPU %MEM    VSZ   RSS TTY      STAT START   TIME COMMAND
root         1  0.1  0.0   2388   760 ?        Ss   22:00   0:00 /bin/sh -c tail -f /entrypoint.sh
root        26  0.0  0.0  15852  2988 ?        Ss   22:00   0:00 /usr/sbin/sshd
root        32  0.0  0.0  39968  3568 ?        Ss   22:00   0:00 /usr/sbin/keepalived
root        34  0.1  0.0  39968  3104 ?        S    22:00   0:00 /usr/sbin/keepalived
root        51  2.3  0.0 156152  2316 ?        Ssl  22:00   0:03 /usr/sbin/rsyslogd
root        55  0.0  0.0   2328   684 ?        S    22:00   0:00 tail -f /entrypoint.sh
root        57  0.0  0.0  16500  7612 ?        Ss   22:02   0:00 sshd: remote_user [priv]
remote_+    63  0.0  0.0  16784  4880 ?        S    22:02   0:00 sshd: remote_user@notty
remote_+    64  0.0  0.0   2388   752 ?        Ss   22:02   0:00 sh -c  sh -c /estado_sistema.sh
remote_+    65  0.0  0.0   2388   700 ?        S    22:02   0:00 sh -c /estado_sistema.sh
remote_+    66  0.0  0.0   3652  2780 ?        S    22:02   0:00 /bin/bash /estado_sistema.sh
remote_+    71  0.0  0.0   7640  2708 ?        R    22:02   0:00 ps aux


[SSH] completed
[SSH] exit-status: 0

Sending e-mails to: jesus.posada@wiedii.co
[Checks API] No suitable checks publisher found.
Finished: SUCCESS
