Started by user [8mha:////4HDmrJVlrcaVvVJjHyWfRniohD1297VEWCdmcYUYKvK0AAAAlx+LCAAAAAAAAP9b85aBtbiIQTGjNKU4P08vOT+vOD8nVc83PyU1x6OyILUoJzMv2y+/JJUBAhiZGBgqihhk0NSjKDWzXb3RdlLBUSYGJk8GtpzUvPSSDB8G5tKinBIGIZ+sxLJE/ZzEvHT94JKizLx0a6BxUmjGOUNodHsLgAyeEgZu/dLi1CL9xJTczDwA4LbuW8AAAAA=[0mJesus Posada
Running as SYSTEM
Building in workspace /var/jenkins_home/workspace/REDIS
[Checks API] No suitable checks publisher found.

[SSH] executing...
<<<<<<<>>>>>>> IMFORMACION DEL HOSTNAME <<<<<<<>>>>>>>

sesiones1.local

<<<<<<<>>>>>>> USO DE ALMACENAMIENTO <<<<<<<>>>>>>>

Filesystem      Size  Used Avail Use% Mounted on
overlay          70G  8.5G   58G  13% /
tmpfs            64M     0   64M   0% /dev
tmpfs           3.9G     0  3.9G   0% /sys/fs/cgroup
shm              64M     0   64M   0% /dev/shm
osxfs           113G   34G   65G  35% /data
/dev/vda1        70G  8.5G   58G  13% /etc/hosts
tmpfs           3.9G     0  3.9G   0% /proc/acpi
tmpfs           3.9G     0  3.9G   0% /sys/firmware

<<<<<<<>>>>>>> USO DE LA MEMORIA <<<<<<<>>>>>>>

              total        used        free      shared  buff/cache   available
Mem:          7.8Gi       1.7Gi       4.4Gi        11Mi       1.6Gi       5.8Gi
Swap:         4.0Gi          0B       4.0Gi

<<<<<<<>>>>>>> TIEMPO DE VIDA <<<<<<<>>>>>>>

up 4 hours, 58 minutes

<<<<<<<>>>>>>> PROCESOS ACTIVOS <<<<<<<>>>>>>>

USER       PID %CPU %MEM    VSZ   RSS TTY      STAT START   TIME COMMAND
root         1  0.8  0.0  52800  7324 ?        Ssl  21:18   0:12 redis-server *:6379
root        20  0.0  0.0  39968  3528 ?        Ss   21:18   0:00 /usr/sbin/keepalived
root        21  0.1  0.0  39968  3080 ?        S    21:18   0:02 /usr/sbin/keepalived
root        30  0.0  0.0  15852  2964 ?        Ss   21:18   0:00 /usr/sbin/sshd
root        39  0.2  0.0 156152  2260 ?        Ssl  21:18   0:04 /usr/sbin/rsyslogd
root        63  9.0  0.0  16552  7760 ?        Ss   21:43   0:00 sshd: remote_user [priv]
remote_+    69  1.0  0.0  16836  5012 ?        S    21:43   0:00 sshd: remote_user@notty
remote_+    70  0.0  0.0   2388   756 ?        Ss   21:43   0:00 sh -c  sh -c /estado_sistema.sh
remote_+    71  0.0  0.0   2388   692 ?        S    21:43   0:00 sh -c /estado_sistema.sh
remote_+    72  0.0  0.0   3652  2556 ?        S    21:43   0:00 /bin/bash /estado_sistema.sh
remote_+    77  0.0  0.0   7640  2732 ?        R    21:43   0:00 ps aux


[SSH] completed
[SSH] exit-status: 0

[Checks API] No suitable checks publisher found.
Finished: SUCCESS
