Started by upstream project "[8mha:////4G6KW1ZHYzk/MgOfAhVDv/Cz8dGjHcU55phFAoxLxDH+AAAAlx+LCAAAAAAAAP9b85aBtbiIQTGjNKU4P08vOT+vOD8nVc83PyU1x6OyILUoJzMv2y+/JJUBAhiZGBgqihhk0NSjKDWzXb3RdlLBUSYGJk8GtpzUvPSSDB8G5tKinBIGIZ+sxLJE/ZzEvHT94JKizLx0a6BxUmjGOUNodHsLgAzWEgZu/az8JP2Q/JT8Yn0AMVetlcAAAAA=[0mTodos" build number [8mha:////4MnUoWWAsKR0F2q60xoa10uwx6J+ZYj0URbpxaxrX3IJAAAAmR+LCAAAAAAAAP9b85aBtbiIQTGjNKU4P08vOT+vOD8nVc83PyU1x6OyILUoJzMv2y+/JJUBAhiZGBgqihhk0NSjKDWzXb3RdlLBUSYGJk8GtpzUvPSSDB8G5tKinBIGIZ+sxLJE/ZzEvHT94JKizLx0a6BxUmjGOUNodHsLgAymEgZe/az8JP2Q/JT8Yn1DQwDCdFg9wgAAAA==[0m11
originally caused by:
 Started by user [8mha:////4HDmrJVlrcaVvVJjHyWfRniohD1297VEWCdmcYUYKvK0AAAAlx+LCAAAAAAAAP9b85aBtbiIQTGjNKU4P08vOT+vOD8nVc83PyU1x6OyILUoJzMv2y+/JJUBAhiZGBgqihhk0NSjKDWzXb3RdlLBUSYGJk8GtpzUvPSSDB8G5tKinBIGIZ+sxLJE/ZzEvHT94JKizLx0a6BxUmjGOUNodHsLgAyeEgZu/dLi1CL9xJTczDwA4LbuW8AAAAA=[0mJesus Posada
Running as SYSTEM
Building in workspace /var/jenkins_home/workspace/HAPROXY
[Checks API] No suitable checks publisher found.

[SSH] executing...
<<<<<<<>>>>>>> IMFORMACION DEL HOSTNAME <<<<<<<>>>>>>>

haproxy1.local

<<<<<<<>>>>>>> USO DE ALMACENAMIENTO <<<<<<<>>>>>>>

Filesystem      Size  Used Avail Use% Mounted on
overlay          70G  8.4G   58G  13% /
tmpfs            64M     0   64M   0% /dev
tmpfs           3.9G     0  3.9G   0% /sys/fs/cgroup
shm              64M     0   64M   0% /dev/shm
/dev/vda1        70G  8.4G   58G  13% /etc/hosts
tmpfs           3.9G     0  3.9G   0% /proc/acpi
tmpfs           3.9G     0  3.9G   0% /sys/firmware

<<<<<<<>>>>>>> USO DE LA MEMORIA <<<<<<<>>>>>>>

              total        used        free      shared  buff/cache   available
Mem:          7.8Gi       1.7Gi       5.1Gi        11Mi       1.0Gi       5.9Gi
Swap:         4.0Gi          0B       4.0Gi

<<<<<<<>>>>>>> TIEMPO DE VIDA <<<<<<<>>>>>>>

up 8 hours, 55 minutes

<<<<<<<>>>>>>> PROCESOS ACTIVOS <<<<<<<>>>>>>>

USER       PID %CPU %MEM    VSZ   RSS TTY      STAT START   TIME COMMAND
root         1  0.0  0.0   2388   692 ?        Ss   21:39   0:00 /bin/sh -c tail -f /entrypoint.sh
root        23  0.0  0.0  39968  3540 ?        Ss   21:39   0:00 /usr/sbin/keepalived
root        24  0.2  0.0  40252  6000 ?        S    21:39   0:00 /usr/sbin/keepalived
root        34  0.0  0.0  15852  3052 ?        Ss   21:39   0:00 /usr/sbin/sshd
root        43  0.7  0.0 156152  2288 ?        Ssl  21:39   0:02 /usr/sbin/rsyslogd
root        50  0.7  0.9 357440 73684 ?        Ssl  21:39   0:02 haproxy -f /usr/local/etc/haproxy/haproxy.cfg
root        51  0.0  0.0   2328   748 ?        S    21:39   0:00 tail -f /entrypoint.sh
root       245  6.0  0.0  16552  7560 ?        Ss   21:45   0:00 sshd: remote_user [priv]
remote_+   251  0.0  0.0  16836  4876 ?        S    21:45   0:00 sshd: remote_user@notty
remote_+   252  0.0  0.0   2388   752 ?        Ss   21:45   0:00 sh -c  sh -c /estado_sistema.sh
remote_+   253  0.0  0.0   2388   760 ?        S    21:45   0:00 sh -c /estado_sistema.sh
remote_+   254  0.0  0.0   3652  2568 ?        S    21:45   0:00 /bin/bash /estado_sistema.sh
remote_+   259  0.0  0.0   7640  2684 ?        R    21:45   0:00 ps aux


[SSH] completed
[SSH] exit-status: 0

[Checks API] No suitable checks publisher found.
Finished: SUCCESS
