Started by upstream project "[8mha:////4G6KW1ZHYzk/MgOfAhVDv/Cz8dGjHcU55phFAoxLxDH+AAAAlx+LCAAAAAAAAP9b85aBtbiIQTGjNKU4P08vOT+vOD8nVc83PyU1x6OyILUoJzMv2y+/JJUBAhiZGBgqihhk0NSjKDWzXb3RdlLBUSYGJk8GtpzUvPSSDB8G5tKinBIGIZ+sxLJE/ZzEvHT94JKizLx0a6BxUmjGOUNodHsLgAzWEgZu/az8JP2Q/JT8Yn0AMVetlcAAAAA=[0mTodos" build number [8mha:////4NW1DHbGYAQYxWi57OH3SVK0/wkPn6bXI8Lkc+MBhSZMAAAAlx+LCAAAAAAAAP9b85aBtbiIQTGjNKU4P08vOT+vOD8nVc83PyU1x6OyILUoJzMv2y+/JJUBAhiZGBgqihhk0NSjKDWzXb3RdlLBUSYGJk8GtpzUvPSSDB8G5tKinBIGIZ+sxLJE/ZzEvHT94JKizLx0a6BxUmjGOUNodHsLQIwSBh79rPwk/ZD8lPxifXMAMK22ksEAAAA=[0m7
originally caused by:
 Started by user [8mha:////4HDmrJVlrcaVvVJjHyWfRniohD1297VEWCdmcYUYKvK0AAAAlx+LCAAAAAAAAP9b85aBtbiIQTGjNKU4P08vOT+vOD8nVc83PyU1x6OyILUoJzMv2y+/JJUBAhiZGBgqihhk0NSjKDWzXb3RdlLBUSYGJk8GtpzUvPSSDB8G5tKinBIGIZ+sxLJE/ZzEvHT94JKizLx0a6BxUmjGOUNodHsLgAyeEgZu/dLi1CL9xJTczDwA4LbuW8AAAAA=[0mJesus Posada
Running as SYSTEM
Building in workspace /var/jenkins_home/workspace/SFTP
[Checks API] No suitable checks publisher found.

[SSH] executing...
<<<<<<<>>>>>>> IMFORMACION DEL HOSTNAME <<<<<<<>>>>>>>

almacen1.local

<<<<<<<>>>>>>> USO DE ALMACENAMIENTO <<<<<<<>>>>>>>

Filesystem      Size  Used Avail Use% Mounted on
overlay          70G  8.5G   58G  13% /
tmpfs            64M     0   64M   0% /dev
tmpfs           3.9G     0  3.9G   0% /sys/fs/cgroup
shm              64M     0   64M   0% /dev/shm
/dev/vda1        70G  8.5G   58G  13% /etc/hosts
tmpfs           3.9G     0  3.9G   0% /proc/acpi
tmpfs           3.9G     0  3.9G   0% /sys/firmware

<<<<<<<>>>>>>> USO DE LA MEMORIA <<<<<<<>>>>>>>

              total        used        free      shared  buff/cache   available
Mem:          7.8Gi       1.6Gi       5.3Gi        11Mi       826Mi       5.9Gi
Swap:         4.0Gi          0B       4.0Gi

<<<<<<<>>>>>>> TIEMPO DE VIDA <<<<<<<>>>>>>>

up 33 minutes

<<<<<<<>>>>>>> PROCESOS ACTIVOS <<<<<<<>>>>>>>

USER       PID %CPU %MEM    VSZ   RSS TTY      STAT START   TIME COMMAND
root         1  0.0  0.0   2388   752 ?        Ss   12:24   0:00 /bin/sh -c tail -f /entrypoint.sh
root        27  0.0  0.0  15852  4232 ?        Ss   12:24   0:00 /usr/sbin/sshd
root        40  0.0  0.0   4496  2100 ?        SNs  12:24   0:00 /usr/bin/lsyncd -pidfile /var/run/lsyncd.pid /etc/lsyncd/lsyncd.conf.lua
root        50  0.1  0.0 156152  2364 ?        Ssl  12:24   0:01 /usr/sbin/rsyslogd
root        55  0.0  0.0   2328   748 ?        S    12:24   0:00 tail -f /entrypoint.sh
root        57  0.0  0.0   2388   756 pts/0    Ss+  12:51   0:00 /bin/sh
root        84  0.0  0.0  39968  3388 ?        Ss   12:51   0:00 /usr/sbin/keepalived
root        85  0.0  0.0  39968  1332 ?        S    12:51   0:00 /usr/sbin/keepalived
root       322  3.0  0.0  16500  7756 ?        Ss   12:57   0:00 sshd: remote_user [priv]
remote_+   328  0.0  0.0  16784  5112 ?        S    12:57   0:00 sshd: remote_user@notty
remote_+   329  0.0  0.0   2388   692 ?        Ss   12:57   0:00 sh -c  sh -c /estado_sistema.sh
remote_+   330  0.0  0.0   2388   756 ?        S    12:57   0:00 sh -c /estado_sistema.sh
remote_+   331  0.0  0.0   3652  2572 ?        S    12:57   0:00 /bin/bash /estado_sistema.sh
remote_+   336  0.0  0.0   7640  2632 ?        R    12:57   0:00 ps aux


[SSH] completed
[SSH] exit-status: 0

[Checks API] No suitable checks publisher found.
Finished: SUCCESS
