Started by upstream project "[8mha:////4G6KW1ZHYzk/MgOfAhVDv/Cz8dGjHcU55phFAoxLxDH+AAAAlx+LCAAAAAAAAP9b85aBtbiIQTGjNKU4P08vOT+vOD8nVc83PyU1x6OyILUoJzMv2y+/JJUBAhiZGBgqihhk0NSjKDWzXb3RdlLBUSYGJk8GtpzUvPSSDB8G5tKinBIGIZ+sxLJE/ZzEvHT94JKizLx0a6BxUmjGOUNodHsLgAzWEgZu/az8JP2Q/JT8Yn0AMVetlcAAAAA=[0mTodos" build number [8mha:////4KJyxW4QsBNAlRd6y+m1/njBPekMWEY58PM9ffKKeN5gAAAAlx+LCAAAAAAAAP9b85aBtbiIQTGjNKU4P08vOT+vOD8nVc83PyU1x6OyILUoJzMv2y+/JJUBAhiZGBgqihhk0NSjKDWzXb3RdlLBUSYGJk8GtpzUvPSSDB8G5tKinBIGIZ+sxLJE/ZzEvHT94JKizLx0a6BxUmjGOUNodHsLQIwSBh79rPwk/ZD8lPxifWMAKWnblcEAAAA=[0m3
originally caused by:
 Started by user [8mha:////4HDmrJVlrcaVvVJjHyWfRniohD1297VEWCdmcYUYKvK0AAAAlx+LCAAAAAAAAP9b85aBtbiIQTGjNKU4P08vOT+vOD8nVc83PyU1x6OyILUoJzMv2y+/JJUBAhiZGBgqihhk0NSjKDWzXb3RdlLBUSYGJk8GtpzUvPSSDB8G5tKinBIGIZ+sxLJE/ZzEvHT94JKizLx0a6BxUmjGOUNodHsLgAyeEgZu/dLi1CL9xJTczDwA4LbuW8AAAAA=[0mJesus Posada
Running as SYSTEM
Building in workspace /var/jenkins_home/workspace/HAPROXY
[Checks API] No suitable checks publisher found.

[SSH] executing...
<<<<<<<>>>>>>> IMFORMACION DEL HOSTNAME <<<<<<<>>>>>>>

haproxy1.local

<<<<<<<>>>>>>> USO DE ALMACENAMIENTO <<<<<<<>>>>>>>

Filesystem      Size  Used Avail Use% Mounted on
overlay          70G  8.5G   58G  13% /
tmpfs            64M     0   64M   0% /dev
tmpfs           3.9G     0  3.9G   0% /sys/fs/cgroup
shm              64M     0   64M   0% /dev/shm
/dev/vda1        70G  8.5G   58G  13% /etc/hosts
tmpfs           3.9G     0  3.9G   0% /proc/acpi
tmpfs           3.9G     0  3.9G   0% /sys/firmware

<<<<<<<>>>>>>> USO DE LA MEMORIA <<<<<<<>>>>>>>

              total        used        free      shared  buff/cache   available
Mem:          7.8Gi       1.7Gi       4.4Gi        11Mi       1.6Gi       5.8Gi
Swap:         4.0Gi          0B       4.0Gi

<<<<<<<>>>>>>> TIEMPO DE VIDA <<<<<<<>>>>>>>

up 5 hours, 19 minutes

<<<<<<<>>>>>>> PROCESOS ACTIVOS <<<<<<<>>>>>>>

USER       PID %CPU %MEM    VSZ   RSS TTY      STAT START   TIME COMMAND
root         1  0.1  0.0   2388   756 ?        Ss   22:00   0:00 /bin/sh -c tail -f /entrypoint.sh
root        24  0.0  0.0  39968  3444 ?        Ss   22:01   0:00 /usr/sbin/keepalived
root        25  0.2  0.0  40252  6016 ?        S    22:01   0:00 /usr/sbin/keepalived
root        35  0.0  0.0  15852  2976 ?        Ss   22:01   0:00 /usr/sbin/sshd
root        44  0.8  0.0 156152  2296 ?        Ssl  22:01   0:01 /usr/sbin/rsyslogd
root        52  0.6  0.8 357304 68928 ?        Ssl  22:01   0:01 haproxy -f /usr/local/etc/haproxy/haproxy.cfg
root        53  0.0  0.0   2328   744 ?        S    22:01   0:00 tail -f /entrypoint.sh
root       137 21.0  0.0  16552  7876 ?        Ss   22:03   0:00 sshd: remote_user [priv]
remote_+   143  0.0  0.0  16836  5084 ?        S    22:03   0:00 sshd: remote_user@notty
remote_+   144  0.0  0.0   2388   692 ?        Ss   22:03   0:00 sh -c  sh -c /estado_sistema.sh
remote_+   145  0.0  0.0   2388   756 ?        S    22:03   0:00 sh -c /estado_sistema.sh
remote_+   146  0.0  0.0   3652  2676 ?        S    22:03   0:00 /bin/bash /estado_sistema.sh
remote_+   151  0.0  0.0   7640  2700 ?        R    22:03   0:00 ps aux


[SSH] completed
[SSH] exit-status: 0

Sending e-mails to: jesus.posada@wiedii.co
[Checks API] No suitable checks publisher found.
Finished: SUCCESS
