Started by user [8mha:////4HDmrJVlrcaVvVJjHyWfRniohD1297VEWCdmcYUYKvK0AAAAlx+LCAAAAAAAAP9b85aBtbiIQTGjNKU4P08vOT+vOD8nVc83PyU1x6OyILUoJzMv2y+/JJUBAhiZGBgqihhk0NSjKDWzXb3RdlLBUSYGJk8GtpzUvPSSDB8G5tKinBIGIZ+sxLJE/ZzEvHT94JKizLx0a6BxUmjGOUNodHsLgAyeEgZu/dLi1CL9xJTczDwA4LbuW8AAAAA=[0mJesus Posada
Running as SYSTEM
Building in workspace /var/jenkins_home/workspace/PHP
[Checks API] No suitable checks publisher found.

[SSH] executing...
<<<<<<<>>>>>>> IMFORMACION DEL HOSTNAME <<<<<<<>>>>>>>

php1.local

<<<<<<<>>>>>>> USO DE ALMACENAMIENTO <<<<<<<>>>>>>>

Filesystem      Size  Used Avail Use% Mounted on
overlay          70G  8.5G   58G  13% /
tmpfs            64M     0   64M   0% /dev
tmpfs           3.9G     0  3.9G   0% /sys/fs/cgroup
shm              64M     0   64M   0% /dev/shm
/dev/vda1        70G  8.5G   58G  13% /etc/hosts
tmpfs           3.9G     0  3.9G   0% /proc/acpi
tmpfs           3.9G     0  3.9G   0% /sys/firmware

<<<<<<<>>>>>>> USO DE LA MEMORIA <<<<<<<>>>>>>>

              total        used        free      shared  buff/cache   available
Mem:          7.8Gi       1.7Gi       4.4Gi        11Mi       1.6Gi       5.8Gi
Swap:         4.0Gi          0B       4.0Gi

<<<<<<<>>>>>>> TIEMPO DE VIDA <<<<<<<>>>>>>>

up 4 hours, 58 minutes

<<<<<<<>>>>>>> PROCESOS ACTIVOS <<<<<<<>>>>>>>

USER       PID %CPU %MEM    VSZ   RSS TTY      STAT START   TIME COMMAND
root         1  0.0  0.2  86408 24280 ?        Ss   21:18   0:01 php-fpm: master process (/usr/local/etc/php-fpm.conf)
root        20  0.0  0.0  39968  3524 ?        Ss   21:19   0:00 /usr/sbin/keepalived
root        21  0.2  0.0  39968  3140 ?        S    21:19   0:02 /usr/sbin/keepalived
root        30  0.0  0.0  15852  4276 ?        Ss   21:19   0:00 /usr/sbin/sshd
root        39  0.3  0.0 156152  2304 ?        Ssl  21:19   0:04 /usr/sbin/rsyslogd
root        59  0.0  0.0  16552  7804 ?        Ss   21:43   0:00 sshd: remote_user [priv]
remote_+    65  0.0  0.0  16836  5032 ?        S    21:43   0:00 sshd: remote_user@notty
remote_+    66  0.0  0.0   2388   756 ?        Ss   21:43   0:00 sh -c  sh -c /estado_sistema.sh
remote_+    67  0.0  0.0   2388   756 ?        S    21:43   0:00 sh -c /estado_sistema.sh
remote_+    68  0.0  0.0   3652  2648 ?        S    21:43   0:00 /bin/bash /estado_sistema.sh
remote_+    73  0.0  0.0   7640  2696 ?        R    21:43   0:00 ps aux


[SSH] completed
[SSH] exit-status: 0

[Checks API] No suitable checks publisher found.
Finished: SUCCESS
