Started by user [8mha:////4HDmrJVlrcaVvVJjHyWfRniohD1297VEWCdmcYUYKvK0AAAAlx+LCAAAAAAAAP9b85aBtbiIQTGjNKU4P08vOT+vOD8nVc83PyU1x6OyILUoJzMv2y+/JJUBAhiZGBgqihhk0NSjKDWzXb3RdlLBUSYGJk8GtpzUvPSSDB8G5tKinBIGIZ+sxLJE/ZzEvHT94JKizLx0a6BxUmjGOUNodHsLgAyeEgZu/dLi1CL9xJTczDwA4LbuW8AAAAA=[0mJesus Posada
Running as SYSTEM
Building in workspace /var/jenkins_home/workspace/PHP
[Checks API] No suitable checks publisher found.

[SSH] executing...
<<<<<<<>>>>>>> IMFORMACION DEL HOSTNAME <<<<<<<>>>>>>>

php1.local

<<<<<<<>>>>>>> USO DE ALMACENAMIENTO <<<<<<<>>>>>>>

Filesystem      Size  Used Avail Use% Mounted on
overlay          70G  8.5G   58G  13% /
tmpfs            64M     0   64M   0% /dev
tmpfs           3.9G     0  3.9G   0% /sys/fs/cgroup
shm              64M     0   64M   0% /dev/shm
/dev/vda1        70G  8.5G   58G  13% /etc/hosts
tmpfs           3.9G     0  3.9G   0% /proc/acpi
tmpfs           3.9G     0  3.9G   0% /sys/firmware

<<<<<<<>>>>>>> USO DE LA MEMORIA <<<<<<<>>>>>>>

              total        used        free      shared  buff/cache   available
Mem:          7.8Gi       1.7Gi       4.5Gi        11Mi       1.6Gi       5.8Gi
Swap:         4.0Gi          0B       4.0Gi

<<<<<<<>>>>>>> TIEMPO DE VIDA <<<<<<<>>>>>>>

up 4 hours, 35 minutes

<<<<<<<>>>>>>> PROCESOS ACTIVOS <<<<<<<>>>>>>>

USER       PID %CPU %MEM    VSZ   RSS TTY      STAT START   TIME COMMAND
root         1  0.9  0.2  86408 24280 ?        Ss   21:18   0:00 php-fpm: master process (/usr/local/etc/php-fpm.conf)
root        20  0.0  0.0  39968  3524 ?        Ss   21:19   0:00 /usr/sbin/keepalived
root        21  0.1  0.0  39968  3140 ?        S    21:19   0:00 /usr/sbin/keepalived
root        30  0.0  0.0  15852  3112 ?        Ss   21:19   0:00 /usr/sbin/sshd
root        39  5.9  0.0 156152  2304 ?        Ssl  21:19   0:03 /usr/sbin/rsyslogd
root        44  0.0  0.0  16552  7684 ?        Ss   21:20   0:00 sshd: remote_user [priv]
remote_+    50  0.0  0.0  16836  4892 ?        S    21:20   0:00 sshd: remote_user@notty
remote_+    51  0.0  0.0   2388   696 ?        Ss   21:20   0:00 sh -c  sh -c /estado_sistema.sh
remote_+    52  0.0  0.0   2388   756 ?        S    21:20   0:00 sh -c /estado_sistema.sh
remote_+    53  0.0  0.0   3652  2752 ?        S    21:20   0:00 /bin/bash /estado_sistema.sh
remote_+    58  0.0  0.0   7640  2684 ?        R    21:20   0:00 ps aux


[SSH] completed
[SSH] exit-status: 0

[Checks API] No suitable checks publisher found.
Finished: SUCCESS
